
user@WINDOWS-2N6OB0A MINGW64 /d/GAMES/git-proj (main)
$ git init
Reinitialized existing Git repository in D:/GAMES/git-proj/.git/

user@WINDOWS-2N6OB0A MINGW64 /d/GAMES/git-proj (main)
$ git config --global user.name "Богдан"

user@WINDOWS-2N6OB0A MINGW64 /d/GAMES/git-proj (main)
$ git config --global user.email "bohdan2018avd@gmail.com"

user@WINDOWS-2N6OB0A MINGW64 /d/GAMES/git-proj (main)
$ git clone https://github.com/bohdangod/homework1.git
Cloning into 'homework1'...
warning: You appear to have cloned an empty repository.

user@WINDOWS-2N6OB0A MINGW64 /d/GAMES/git-proj (main)
$ cd homework1

user@WINDOWS-2N6OB0A MINGW64 /d/GAMES/git-proj/homework1 (main)
$ python -m venv venv
Python



user@WINDOWS-2N6OB0A MINGW64 /d/GAMES/git-proj/homework1 (main)
$ python3 -m venv venv
Python

user@WINDOWS-2N6OB0A MINGW64 /d/GAMES/git-proj/homework1 (main)
$ git add teacher_greeting.txt

user@WINDOWS-2N6OB0A MINGW64 /d/GAMES/git-proj/homework1 (main)
$ git status
On branch main

No commits yet

Changes to be committed:
  (use "git rm --cached <file>..." to unstage)
        new file:   teacher_greeting.txt


user@WINDOWS-2N6OB0A MINGW64 /d/GAMES/git-proj/homework1 (main)
$ git commit -m "Додано файл з привітанням для викладача та виконано перше завдання Git"
[main (root-commit) 8818056] Додано файл з привітанням для викладача та виконано перше завдання Git
 1 file changed, 6 insertions(+)
 create mode 100644 teacher_greeting.txt

user@WINDOWS-2N6OB0A MINGW64 /d/GAMES/git-proj/homework1 (main)
$ git push origin main
info: please complete authentication in your browser...
Enumerating objects: 3, done.
Counting objects: 100% (3/3), done.
Delta compression using up to 16 threads
Compressing objects: 100% (2/2), done.
Writing objects: 100% (3/3), 439 bytes | 439.00 KiB/s, done.
Total 3 (delta 0), reused 0 (delta 0), pack-reused 0 (from 0)
To https://github.com/bohdangod/homework1.git
 * [new branch]      main -> main

user@WINDOWS-2N6OB0A MINGW64 /d/GAMES/git-proj/homework1 (main)
$